Archive member included because of file (symbol)

d:/embedded systems diploma/imt es diploma/00-tools/03-imt sdk/03- imt sdk/imt_sdk_win_64/imt_sdk_win_64/winavr/bin/../lib/gcc/avr/4.3.3/avr5\libgcc.a(_udivmodqi4.o)
                              ./main.o (__udivmodqi4)
d:/embedded systems diploma/imt es diploma/00-tools/03-imt sdk/03- imt sdk/imt_sdk_win_64/imt_sdk_win_64/winavr/bin/../lib/gcc/avr/4.3.3/avr5\libgcc.a(_udivmodhi4.o)
                              ./TIMER_program.o (__udivmodhi4)
d:/embedded systems diploma/imt es diploma/00-tools/03-imt sdk/03- imt sdk/imt_sdk_win_64/imt_sdk_win_64/winavr/bin/../lib/gcc/avr/4.3.3/avr5\libgcc.a(_divmodhi4.o)
                              ./TIMER_program.o (__divmodhi4)
d:/embedded systems diploma/imt es diploma/00-tools/03-imt sdk/03- imt sdk/imt_sdk_win_64/imt_sdk_win_64/winavr/bin/../lib/gcc/avr/4.3.3/avr5\libgcc.a(_exit.o)
                              d:/embedded systems diploma/imt es diploma/00-tools/03-imt sdk/03- imt sdk/imt_sdk_win_64/imt_sdk_win_64/winavr/bin/../lib/gcc/avr/4.3.3/../../../../avr/lib/avr5/crtm16.o (exit)
d:/embedded systems diploma/imt es diploma/00-tools/03-imt sdk/03- imt sdk/imt_sdk_win_64/imt_sdk_win_64/winavr/bin/../lib/gcc/avr/4.3.3/avr5\libgcc.a(_copy_data.o)
                              ./SSD_program.o (__do_copy_data)
d:/embedded systems diploma/imt es diploma/00-tools/03-imt sdk/03- imt sdk/imt_sdk_win_64/imt_sdk_win_64/winavr/bin/../lib/gcc/avr/4.3.3/avr5\libgcc.a(_clear_bss.o)
                              ./EXTI_program.o (__do_clear_bss)
d:/embedded systems diploma/imt es diploma/00-tools/03-imt sdk/03- imt sdk/imt_sdk_win_64/imt_sdk_win_64/winavr/bin/../lib/gcc/avr/4.3.3/avr5\libgcc.a(_fixunssfsi.o)
                              ./TIMER_program.o (__fixunssfsi)
d:/embedded systems diploma/imt es diploma/00-tools/03-imt sdk/03- imt sdk/imt_sdk_win_64/imt_sdk_win_64/winavr/bin/../lib/gcc/avr/4.3.3/avr5\libgcc.a(_addsub_sf.o)
                              d:/embedded systems diploma/imt es diploma/00-tools/03-imt sdk/03- imt sdk/imt_sdk_win_64/imt_sdk_win_64/winavr/bin/../lib/gcc/avr/4.3.3/avr5\libgcc.a(_fixunssfsi.o) (__subsf3)
d:/embedded systems diploma/imt es diploma/00-tools/03-imt sdk/03- imt sdk/imt_sdk_win_64/imt_sdk_win_64/winavr/bin/../lib/gcc/avr/4.3.3/avr5\libgcc.a(_mul_sf.o)
                              ./TIMER_program.o (__mulsf3)
d:/embedded systems diploma/imt es diploma/00-tools/03-imt sdk/03- imt sdk/imt_sdk_win_64/imt_sdk_win_64/winavr/bin/../lib/gcc/avr/4.3.3/avr5\libgcc.a(_div_sf.o)
                              ./TIMER_program.o (__divsf3)
d:/embedded systems diploma/imt es diploma/00-tools/03-imt sdk/03- imt sdk/imt_sdk_win_64/imt_sdk_win_64/winavr/bin/../lib/gcc/avr/4.3.3/avr5\libgcc.a(_gt_sf.o)
                              ./main.o (__gtsf2)
d:/embedded systems diploma/imt es diploma/00-tools/03-imt sdk/03- imt sdk/imt_sdk_win_64/imt_sdk_win_64/winavr/bin/../lib/gcc/avr/4.3.3/avr5\libgcc.a(_ge_sf.o)
                              d:/embedded systems diploma/imt es diploma/00-tools/03-imt sdk/03- imt sdk/imt_sdk_win_64/imt_sdk_win_64/winavr/bin/../lib/gcc/avr/4.3.3/avr5\libgcc.a(_fixunssfsi.o) (__gesf2)
d:/embedded systems diploma/imt es diploma/00-tools/03-imt sdk/03- imt sdk/imt_sdk_win_64/imt_sdk_win_64/winavr/bin/../lib/gcc/avr/4.3.3/avr5\libgcc.a(_lt_sf.o)
                              ./main.o (__ltsf2)
d:/embedded systems diploma/imt es diploma/00-tools/03-imt sdk/03- imt sdk/imt_sdk_win_64/imt_sdk_win_64/winavr/bin/../lib/gcc/avr/4.3.3/avr5\libgcc.a(_sf_to_si.o)
                              d:/embedded systems diploma/imt es diploma/00-tools/03-imt sdk/03- imt sdk/imt_sdk_win_64/imt_sdk_win_64/winavr/bin/../lib/gcc/avr/4.3.3/avr5\libgcc.a(_fixunssfsi.o) (__fixsfsi)
d:/embedded systems diploma/imt es diploma/00-tools/03-imt sdk/03- imt sdk/imt_sdk_win_64/imt_sdk_win_64/winavr/bin/../lib/gcc/avr/4.3.3/avr5\libgcc.a(_thenan_sf.o)
                              d:/embedded systems diploma/imt es diploma/00-tools/03-imt sdk/03- imt sdk/imt_sdk_win_64/imt_sdk_win_64/winavr/bin/../lib/gcc/avr/4.3.3/avr5\libgcc.a(_addsub_sf.o) (__thenan_sf)
d:/embedded systems diploma/imt es diploma/00-tools/03-imt sdk/03- imt sdk/imt_sdk_win_64/imt_sdk_win_64/winavr/bin/../lib/gcc/avr/4.3.3/avr5\libgcc.a(_prologue.o)
                              d:/embedded systems diploma/imt es diploma/00-tools/03-imt sdk/03- imt sdk/imt_sdk_win_64/imt_sdk_win_64/winavr/bin/../lib/gcc/avr/4.3.3/avr5\libgcc.a(_addsub_sf.o) (__prologue_saves__)
d:/embedded systems diploma/imt es diploma/00-tools/03-imt sdk/03- imt sdk/imt_sdk_win_64/imt_sdk_win_64/winavr/bin/../lib/gcc/avr/4.3.3/avr5\libgcc.a(_epilogue.o)
                              d:/embedded systems diploma/imt es diploma/00-tools/03-imt sdk/03- imt sdk/imt_sdk_win_64/imt_sdk_win_64/winavr/bin/../lib/gcc/avr/4.3.3/avr5\libgcc.a(_addsub_sf.o) (__epilogue_restores__)
d:/embedded systems diploma/imt es diploma/00-tools/03-imt sdk/03- imt sdk/imt_sdk_win_64/imt_sdk_win_64/winavr/bin/../lib/gcc/avr/4.3.3/avr5\libgcc.a(_pack_sf.o)
                              d:/embedded systems diploma/imt es diploma/00-tools/03-imt sdk/03- imt sdk/imt_sdk_win_64/imt_sdk_win_64/winavr/bin/../lib/gcc/avr/4.3.3/avr5\libgcc.a(_addsub_sf.o) (__pack_f)
d:/embedded systems diploma/imt es diploma/00-tools/03-imt sdk/03- imt sdk/imt_sdk_win_64/imt_sdk_win_64/winavr/bin/../lib/gcc/avr/4.3.3/avr5\libgcc.a(_unpack_sf.o)
                              d:/embedded systems diploma/imt es diploma/00-tools/03-imt sdk/03- imt sdk/imt_sdk_win_64/imt_sdk_win_64/winavr/bin/../lib/gcc/avr/4.3.3/avr5\libgcc.a(_addsub_sf.o) (__unpack_f)
d:/embedded systems diploma/imt es diploma/00-tools/03-imt sdk/03- imt sdk/imt_sdk_win_64/imt_sdk_win_64/winavr/bin/../lib/gcc/avr/4.3.3/avr5\libgcc.a(_fpcmp_parts_sf.o)
                              d:/embedded systems diploma/imt es diploma/00-tools/03-imt sdk/03- imt sdk/imt_sdk_win_64/imt_sdk_win_64/winavr/bin/../lib/gcc/avr/4.3.3/avr5\libgcc.a(_gt_sf.o) (__fpcmp_parts_f)

Allocating common symbols
Common symbol       size              file

TIMER1_u8MODEPWM    0x1               ./TIMER_program.o
TIMER0_f32PreloodValue
                    0x4               ./TIMER_program.o
TIMER0_f32OVCounterTmp
                    0x4               ./TIMER_program.o
TIMER0_u16Prescaller
                    0x4               ./TIMER_program.o
TIMER2_f32OVCounter
                    0x4               ./TIMER_program.o
TIMER2_u16Prescaller
                    0x4               ./TIMER_program.o
TIMER0_f32CounterCTC
                    0x4               ./TIMER_program.o
TIMER2_f32CounterCTC
                    0x4               ./TIMER_program.o
TIMER2_f32PreloodValue
                    0x4               ./TIMER_program.o

Memory Configuration

Name             Origin             Length             Attributes
text             0x00000000         0x00020000         xr
data             0x00800060         0x0000ffa0         rw !x
eeprom           0x00810000         0x00010000         rw !x
fuse             0x00820000         0x00000400         rw !x
lock             0x00830000         0x00000400         rw !x
signature        0x00840000         0x00000400         rw !x
*default*        0x00000000         0xffffffff

Linker script and memory map

LOAD d:/embedded systems diploma/imt es diploma/00-tools/03-imt sdk/03- imt sdk/imt_sdk_win_64/imt_sdk_win_64/winavr/bin/../lib/gcc/avr/4.3.3/../../../../avr/lib/avr5/crtm16.o
LOAD ./DIO_program.o
LOAD ./EXTI_program.o
LOAD ./GIE_program.o
LOAD ./SSD_program.o
LOAD ./SW_program.o
LOAD ./TIMER_program.o
LOAD ./main.o
LOAD d:/embedded systems diploma/imt es diploma/00-tools/03-imt sdk/03- imt sdk/imt_sdk_win_64/imt_sdk_win_64/winavr/bin/../lib/gcc/avr/4.3.3/avr5\libgcc.a
LOAD d:/embedded systems diploma/imt es diploma/00-tools/03-imt sdk/03- imt sdk/imt_sdk_win_64/imt_sdk_win_64/winavr/bin/../lib/gcc/avr/4.3.3/../../../../avr/lib/avr5\libc.a
LOAD d:/embedded systems diploma/imt es diploma/00-tools/03-imt sdk/03- imt sdk/imt_sdk_win_64/imt_sdk_win_64/winavr/bin/../lib/gcc/avr/4.3.3/avr5\libgcc.a

.hash
 *(.hash)

.dynsym
 *(.dynsym)

.dynstr
 *(.dynstr)

.gnu.version
 *(.gnu.version)

.gnu.version_d
 *(.gnu.version_d)

.gnu.version_r
 *(.gnu.version_r)

.rel.init
 *(.rel.init)

.rela.init
 *(.rela.init)

.rel.text
 *(.rel.text)
 *(.rel.text.*)
 *(.rel.gnu.linkonce.t*)

.rela.text
 *(.rela.text)
 *(.rela.text.*)
 *(.rela.gnu.linkonce.t*)

.rel.fini
 *(.rel.fini)

.rela.fini
 *(.rela.fini)

.rel.rodata
 *(.rel.rodata)
 *(.rel.rodata.*)
 *(.rel.gnu.linkonce.r*)

.rela.rodata
 *(.rela.rodata)
 *(.rela.rodata.*)
 *(.rela.gnu.linkonce.r*)

.rel.data
 *(.rel.data)
 *(.rel.data.*)
 *(.rel.gnu.linkonce.d*)

.rela.data
 *(.rela.data)
 *(.rela.data.*)
 *(.rela.gnu.linkonce.d*)

.rel.ctors
 *(.rel.ctors)

.rela.ctors
 *(.rela.ctors)

.rel.dtors
 *(.rel.dtors)

.rela.dtors
 *(.rela.dtors)

.rel.got
 *(.rel.got)

.rela.got
 *(.rela.got)

.rel.bss
 *(.rel.bss)

.rela.bss
 *(.rela.bss)

.rel.plt
 *(.rel.plt)

.rela.plt
 *(.rela.plt)

.text           0x00000000     0x3cb6
 *(.vectors)
 .vectors       0x00000000       0x54 d:/embedded systems diploma/imt es diploma/00-tools/03-imt sdk/03- imt sdk/imt_sdk_win_64/imt_sdk_win_64/winavr/bin/../lib/gcc/avr/4.3.3/../../../../avr/lib/avr5/crtm16.o
                0x00000000                __vectors
                0x00000000                __vector_default
 *(.vectors)
 *(.progmem.gcc*)
 *(.progmem*)
                0x00000054                . = ALIGN (0x2)
                0x00000054                __trampolines_start = .
 *(.trampolines)
 .trampolines   0x00000054        0x0 linker stubs
 *(.trampolines*)
                0x00000054                __trampolines_end = .
 *(.jumptables)
 *(.jumptables*)
 *(.lowtext)
 *(.lowtext*)
                0x00000054                __ctors_start = .
 *(.ctors)
                0x00000054                __ctors_end = .
                0x00000054                __dtors_start = .
 *(.dtors)
                0x00000054                __dtors_end = .
 SORT(*)(.ctors)
 SORT(*)(.dtors)
 *(.init0)
 .init0         0x00000054        0x0 d:/embedded systems diploma/imt es diploma/00-tools/03-imt sdk/03- imt sdk/imt_sdk_win_64/imt_sdk_win_64/winavr/bin/../lib/gcc/avr/4.3.3/../../../../avr/lib/avr5/crtm16.o
                0x00000054                __init
 *(.init0)
 *(.init1)
 *(.init1)
 *(.init2)
 .init2         0x00000054        0xc d:/embedded systems diploma/imt es diploma/00-tools/03-imt sdk/03- imt sdk/imt_sdk_win_64/imt_sdk_win_64/winavr/bin/../lib/gcc/avr/4.3.3/../../../../avr/lib/avr5/crtm16.o
 *(.init2)
 *(.init3)
 *(.init3)
 *(.init4)
 .init4         0x00000060       0x16 d:/embedded systems diploma/imt es diploma/00-tools/03-imt sdk/03- imt sdk/imt_sdk_win_64/imt_sdk_win_64/winavr/bin/../lib/gcc/avr/4.3.3/avr5\libgcc.a(_copy_data.o)
                0x00000060                __do_copy_data
 .init4         0x00000076       0x10 d:/embedded systems diploma/imt es diploma/00-tools/03-imt sdk/03- imt sdk/imt_sdk_win_64/imt_sdk_win_64/winavr/bin/../lib/gcc/avr/4.3.3/avr5\libgcc.a(_clear_bss.o)
                0x00000076                __do_clear_bss
 *(.init4)
 *(.init5)
 *(.init5)
 *(.init6)
 *(.init6)
 *(.init7)
 *(.init7)
 *(.init8)
 *(.init8)
 *(.init9)
 .init9         0x00000086        0x8 d:/embedded systems diploma/imt es diploma/00-tools/03-imt sdk/03- imt sdk/imt_sdk_win_64/imt_sdk_win_64/winavr/bin/../lib/gcc/avr/4.3.3/../../../../avr/lib/avr5/crtm16.o
 *(.init9)
 *(.text)
 .text          0x0000008e        0x4 d:/embedded systems diploma/imt es diploma/00-tools/03-imt sdk/03- imt sdk/imt_sdk_win_64/imt_sdk_win_64/winavr/bin/../lib/gcc/avr/4.3.3/../../../../avr/lib/avr5/crtm16.o
                0x0000008e                __vector_12
                0x0000008e                __bad_interrupt
                0x0000008e                __vector_13
                0x0000008e                __vector_17
                0x0000008e                __vector_19
                0x0000008e                __vector_7
                0x0000008e                __vector_9
                0x0000008e                __vector_15
                0x0000008e                __vector_8
                0x0000008e                __vector_14
                0x0000008e                __vector_16
                0x0000008e                __vector_20
 .text          0x00000092        0x0 ./DIO_program.o
 .text          0x00000092        0x0 ./EXTI_program.o
 .text          0x00000092        0x0 ./GIE_program.o
 .text          0x00000092        0x0 ./SSD_program.o
 .text          0x00000092        0x0 ./SW_program.o
 .text          0x00000092        0x0 ./TIMER_program.o
 .text          0x00000092        0x0 ./main.o
 .text          0x00000092        0x0 d:/embedded systems diploma/imt es diploma/00-tools/03-imt sdk/03- imt sdk/imt_sdk_win_64/imt_sdk_win_64/winavr/bin/../lib/gcc/avr/4.3.3/avr5\libgcc.a(_udivmodqi4.o)
 .text          0x00000092        0x0 d:/embedded systems diploma/imt es diploma/00-tools/03-imt sdk/03- imt sdk/imt_sdk_win_64/imt_sdk_win_64/winavr/bin/../lib/gcc/avr/4.3.3/avr5\libgcc.a(_udivmodhi4.o)
 .text          0x00000092        0x0 d:/embedded systems diploma/imt es diploma/00-tools/03-imt sdk/03- imt sdk/imt_sdk_win_64/imt_sdk_win_64/winavr/bin/../lib/gcc/avr/4.3.3/avr5\libgcc.a(_divmodhi4.o)
 .text          0x00000092        0x0 d:/embedded systems diploma/imt es diploma/00-tools/03-imt sdk/03- imt sdk/imt_sdk_win_64/imt_sdk_win_64/winavr/bin/../lib/gcc/avr/4.3.3/avr5\libgcc.a(_exit.o)
 .text          0x00000092        0x0 d:/embedded systems diploma/imt es diploma/00-tools/03-imt sdk/03- imt sdk/imt_sdk_win_64/imt_sdk_win_64/winavr/bin/../lib/gcc/avr/4.3.3/avr5\libgcc.a(_copy_data.o)
 .text          0x00000092        0x0 d:/embedded systems diploma/imt es diploma/00-tools/03-imt sdk/03- imt sdk/imt_sdk_win_64/imt_sdk_win_64/winavr/bin/../lib/gcc/avr/4.3.3/avr5\libgcc.a(_clear_bss.o)
 .text          0x00000092       0x58 d:/embedded systems diploma/imt es diploma/00-tools/03-imt sdk/03- imt sdk/imt_sdk_win_64/imt_sdk_win_64/winavr/bin/../lib/gcc/avr/4.3.3/avr5\libgcc.a(_fixunssfsi.o)
                0x00000092                __fixunssfsi
 .text          0x000000ea      0x354 d:/embedded systems diploma/imt es diploma/00-tools/03-imt sdk/03- imt sdk/imt_sdk_win_64/imt_sdk_win_64/winavr/bin/../lib/gcc/avr/4.3.3/avr5\libgcc.a(_addsub_sf.o)
                0x00000382                __subsf3
                0x000003e4                __addsf3
 .text          0x0000043e      0x1f4 d:/embedded systems diploma/imt es diploma/00-tools/03-imt sdk/03- imt sdk/imt_sdk_win_64/imt_sdk_win_64/winavr/bin/../lib/gcc/avr/4.3.3/avr5\libgcc.a(_mul_sf.o)
                0x0000043e                __mulsf3
 .text          0x00000632      0x158 d:/embedded systems diploma/imt es diploma/00-tools/03-imt sdk/03- imt sdk/imt_sdk_win_64/imt_sdk_win_64/winavr/bin/../lib/gcc/avr/4.3.3/avr5\libgcc.a(_div_sf.o)
                0x00000632                __divsf3
 .text          0x0000078a       0x60 d:/embedded systems diploma/imt es diploma/00-tools/03-imt sdk/03- imt sdk/imt_sdk_win_64/imt_sdk_win_64/winavr/bin/../lib/gcc/avr/4.3.3/avr5\libgcc.a(_gt_sf.o)
                0x0000078a                __gtsf2
 .text          0x000007ea       0x60 d:/embedded systems diploma/imt es diploma/00-tools/03-imt sdk/03- imt sdk/imt_sdk_win_64/imt_sdk_win_64/winavr/bin/../lib/gcc/avr/4.3.3/avr5\libgcc.a(_ge_sf.o)
                0x000007ea                __gesf2
 .text          0x0000084a       0x60 d:/embedded systems diploma/imt es diploma/00-tools/03-imt sdk/03- imt sdk/imt_sdk_win_64/imt_sdk_win_64/winavr/bin/../lib/gcc/avr/4.3.3/avr5\libgcc.a(_lt_sf.o)
                0x0000084a                __ltsf2
 .text          0x000008aa       0xa8 d:/embedded systems diploma/imt es diploma/00-tools/03-imt sdk/03- imt sdk/imt_sdk_win_64/imt_sdk_win_64/winavr/bin/../lib/gcc/avr/4.3.3/avr5\libgcc.a(_sf_to_si.o)
                0x000008aa                __fixsfsi
 .text          0x00000952        0x0 d:/embedded systems diploma/imt es diploma/00-tools/03-imt sdk/03- imt sdk/imt_sdk_win_64/imt_sdk_win_64/winavr/bin/../lib/gcc/avr/4.3.3/avr5\libgcc.a(_thenan_sf.o)
 .text          0x00000952        0x0 d:/embedded systems diploma/imt es diploma/00-tools/03-imt sdk/03- imt sdk/imt_sdk_win_64/imt_sdk_win_64/winavr/bin/../lib/gcc/avr/4.3.3/avr5\libgcc.a(_prologue.o)
 .text          0x00000952        0x0 d:/embedded systems diploma/imt es diploma/00-tools/03-imt sdk/03- imt sdk/imt_sdk_win_64/imt_sdk_win_64/winavr/bin/../lib/gcc/avr/4.3.3/avr5\libgcc.a(_epilogue.o)
 .text          0x00000952      0x1aa d:/embedded systems diploma/imt es diploma/00-tools/03-imt sdk/03- imt sdk/imt_sdk_win_64/imt_sdk_win_64/winavr/bin/../lib/gcc/avr/4.3.3/avr5\libgcc.a(_pack_sf.o)
                0x00000952                __pack_f
 .text          0x00000afc       0xf0 d:/embedded systems diploma/imt es diploma/00-tools/03-imt sdk/03- imt sdk/imt_sdk_win_64/imt_sdk_win_64/winavr/bin/../lib/gcc/avr/4.3.3/avr5\libgcc.a(_unpack_sf.o)
                0x00000afc                __unpack_f
 .text          0x00000bec       0xb2 d:/embedded systems diploma/imt es diploma/00-tools/03-imt sdk/03- imt sdk/imt_sdk_win_64/imt_sdk_win_64/winavr/bin/../lib/gcc/avr/4.3.3/avr5\libgcc.a(_fpcmp_parts_sf.o)
                0x00000bec                __fpcmp_parts_f
                0x00000c9e                . = ALIGN (0x2)
 *(.text.*)
 .text.DIO_u8SetPinDirection
                0x00000c9e      0x3ae ./DIO_program.o
                0x00000c9e                DIO_u8SetPinDirection
 .text.DIO_u8SetPortDirection
                0x0000104c       0x90 ./DIO_program.o
                0x0000104c                DIO_u8SetPortDirection
 .text.DIO_u8SetPinValue
                0x000010dc      0x224 ./DIO_program.o
                0x000010dc                DIO_u8SetPinValue
 .text.DIO_u8SetPortValue
                0x00001300       0x90 ./DIO_program.o
                0x00001300                DIO_u8SetPortValue
 .text.DIO_u8TogglePinValue
                0x00001390      0x108 ./DIO_program.o
                0x00001390                DIO_u8TogglePinValue
 .text.DIO_u8GetPinValue
                0x00001498      0x130 ./DIO_program.o
                0x00001498                DIO_u8GetPinValue
 .text.DIO_u8GetPortValue
                0x000015c8       0xba ./DIO_program.o
                0x000015c8                DIO_u8GetPortValue
 .text.EXTI_voidInt0Init
                0x00001682       0x38 ./EXTI_program.o
                0x00001682                EXTI_voidInt0Init
 .text.EXTI_voidInt1Init
                0x000016ba       0x38 ./EXTI_program.o
                0x000016ba                EXTI_voidInt1Init
 .text.EXTI_voidInt2Init
                0x000016f2       0x2a ./EXTI_program.o
                0x000016f2                EXTI_voidInt2Init
 .text.EXTI_u8Int0SetSenseControl
                0x0000171c       0xdc ./EXTI_program.o
                0x0000171c                EXTI_u8Int0SetSenseControl
 .text.EXTI_u8Int1SetSenseControl
                0x000017f8       0xdc ./EXTI_program.o
                0x000017f8                EXTI_u8Int1SetSenseControl
 .text.EXTI_u8Int2SetSenseControl
                0x000018d4       0x64 ./EXTI_program.o
                0x000018d4                EXTI_u8Int2SetSenseControl
 .text.EXTI_u8IntEnable
                0x00001938       0x7a ./EXTI_program.o
                0x00001938                EXTI_u8IntEnable
 .text.EXTI_u8IntDisable
                0x000019b2       0x7a ./EXTI_program.o
                0x000019b2                EXTI_u8IntDisable
 .text.EXTI_u8Int0SetCallBack
                0x00001a2c       0x3a ./EXTI_program.o
                0x00001a2c                EXTI_u8Int0SetCallBack
 .text.EXTI_u8Int1SetCallBack
                0x00001a66       0x3a ./EXTI_program.o
                0x00001a66                EXTI_u8Int1SetCallBack
 .text.EXTI_u8Int2SetCallBack
                0x00001aa0       0x3a ./EXTI_program.o
                0x00001aa0                EXTI_u8Int2SetCallBack
 .text.__vector_1
                0x00001ada       0x66 ./EXTI_program.o
                0x00001ada                __vector_1
 .text.__vector_2
                0x00001b40       0x66 ./EXTI_program.o
                0x00001b40                __vector_2
 .text.__vector_18
                0x00001ba6       0x66 ./EXTI_program.o
                0x00001ba6                __vector_18
 .text.GIE_voidEnable
                0x00001c0c       0x1c ./GIE_program.o
                0x00001c0c                GIE_voidEnable
 .text.GIE_voidDisable
                0x00001c28       0x1c ./GIE_program.o
                0x00001c28                GIE_voidDisable
 .text.SSD_u8SetNumber
                0x00001c44      0x35e ./SSD_program.o
                0x00001c44                SSD_u8SetNumber
 .text.SSD_u8Enable
                0x00001fa2       0x64 ./SSD_program.o
                0x00001fa2                SSD_u8Enable
 .text.SSD_u8Disable
                0x00002006       0x64 ./SSD_program.o
                0x00002006                SSD_u8Disable
 .text.SW_u8GetState
                0x0000206a       0xe2 ./SW_program.o
                0x0000206a                SW_u8GetState
 .text.TIMER_voidTimer0Init
                0x0000214c       0x88 ./TIMER_program.o
                0x0000214c                TIMER_voidTimer0Init
 .text.TIMER_voidTimer0Delay
                0x000021d4       0x2c ./TIMER_program.o
                0x000021d4                TIMER_voidTimer0Delay
 .text.TIMER_voidTimer0GeneratePWM
                0x00002200       0x82 ./TIMER_program.o
                0x00002200                TIMER_voidTimer0GeneratePWM
 .text.__vector_11
                0x00002282       0xb2 ./TIMER_program.o
                0x00002282                __vector_11
 .text.__vector_10
                0x00002334       0x9c ./TIMER_program.o
                0x00002334                __vector_10
 .text.TIMER_voidTimer2Init
                0x000023d0       0x88 ./TIMER_program.o
                0x000023d0                TIMER_voidTimer2Init
 .text.TIMER_voidTimer2Delay
                0x00002458       0x2c ./TIMER_program.o
                0x00002458                TIMER_voidTimer2Delay
 .text.TIMER_voidTimer2GeneratePWM
                0x00002484       0x82 ./TIMER_program.o
                0x00002484                TIMER_voidTimer2GeneratePWM
 .text.__vector_4
                0x00002506       0xb2 ./TIMER_program.o
                0x00002506                __vector_4
 .text.__vector_3
                0x000025b8       0x5a ./TIMER_program.o
                0x000025b8                __vector_3
 .text.TIMER_voidTimer1Enable
                0x00002612      0x6b6 ./TIMER_program.o
                0x00002612                TIMER_voidTimer1Enable
 .text.TIMER_voidTimer1GeneratePWMOCR1A
                0x00002cc8      0x1ae ./TIMER_program.o
                0x00002cc8                TIMER_voidTimer1GeneratePWMOCR1A
 .text.TIMER_voidTimer1GeneratePWMOCR1B
                0x00002e76      0x1ae ./TIMER_program.o
                0x00002e76                TIMER_voidTimer1GeneratePWMOCR1B
 .text.TIMER_voidTimer1SetOCR1A
                0x00003024       0x2e ./TIMER_program.o
                0x00003024                TIMER_voidTimer1SetOCR1A
 .text.TIMER_voidTimer1SetOCR1B
                0x00003052       0x2e ./TIMER_program.o
                0x00003052                TIMER_voidTimer1SetOCR1B
 .text.TIMER_voidTimer1SetICR1
                0x00003080       0x2e ./TIMER_program.o
                0x00003080                TIMER_voidTimer1SetICR1
 .text.TIMER_voidTimer1Stop
                0x000030ae       0x1c ./TIMER_program.o
                0x000030ae                TIMER_voidTimer1Stop
 .text.TIMER_voidTimer1SetCallBack
                0x000030ca       0x24 ./TIMER_program.o
                0x000030ca                TIMER_voidTimer1SetCallBack
 .text.TIMER_voidTimer1ICUInit
                0x000030ee       0x54 ./TIMER_program.o
                0x000030ee                TIMER_voidTimer1ICUInit
 .text.TIMER_voidTimer1ICUSetTriggerEdge
                0x00003142       0x3e ./TIMER_program.o
                0x00003142                TIMER_voidTimer1ICUSetTriggerEdge
 .text.TIMER_voidTimer1ICUGetInputCaptureValue
                0x00003180       0x16 ./TIMER_program.o
                0x00003180                TIMER_voidTimer1ICUGetInputCaptureValue
 .text.TIMER_voidTimer1ICUSetCallBack
                0x00003196       0x24 ./TIMER_program.o
                0x00003196                TIMER_voidTimer1ICUSetCallBack
 .text.TIMER_voidClearTimer1Value
                0x000031ba       0x16 ./TIMER_program.o
                0x000031ba                TIMER_voidClearTimer1Value
 .text.__vector_5
                0x000031d0       0x66 ./TIMER_program.o
                0x000031d0                __vector_5
 .text.__vector_6
                0x00003236       0x66 ./TIMER_program.o
                0x00003236                __vector_6
 .text.main     0x0000329c      0x772 ./main.o
                0x0000329c                main
 .text.StopWatch_Init
                0x00003a0e      0x134 ./main.o
                0x00003a0e                StopWatch_Init
 .text.Reset_StopWatch
                0x00003b42       0x1e ./main.o
                0x00003b42                Reset_StopWatch
 .text.Stop_stopWatch
                0x00003b60        0xe ./main.o
                0x00003b60                Stop_stopWatch
 .text.Resume_StopWatch
                0x00003b6e       0x18 ./main.o
                0x00003b6e                Resume_StopWatch
 .text.Detect_Seconds
                0x00003b86       0x58 ./main.o
                0x00003b86                Detect_Seconds
 .text.libgcc   0x00003bde       0x18 d:/embedded systems diploma/imt es diploma/00-tools/03-imt sdk/03- imt sdk/imt_sdk_win_64/imt_sdk_win_64/winavr/bin/../lib/gcc/avr/4.3.3/avr5\libgcc.a(_udivmodqi4.o)
                0x00003bde                __udivmodqi4
 .text.libgcc   0x00003bf6       0x28 d:/embedded systems diploma/imt es diploma/00-tools/03-imt sdk/03- imt sdk/imt_sdk_win_64/imt_sdk_win_64/winavr/bin/../lib/gcc/avr/4.3.3/avr5\libgcc.a(_udivmodhi4.o)
                0x00003bf6                __udivmodhi4
 .text.libgcc   0x00003c1e       0x26 d:/embedded systems diploma/imt es diploma/00-tools/03-imt sdk/03- imt sdk/imt_sdk_win_64/imt_sdk_win_64/winavr/bin/../lib/gcc/avr/4.3.3/avr5\libgcc.a(_divmodhi4.o)
                0x00003c1e                __divmodhi4
                0x00003c1e                _div
 .text.libgcc   0x00003c44        0x0 d:/embedded systems diploma/imt es diploma/00-tools/03-imt sdk/03- imt sdk/imt_sdk_win_64/imt_sdk_win_64/winavr/bin/../lib/gcc/avr/4.3.3/avr5\libgcc.a(_exit.o)
 .text.libgcc   0x00003c44        0x0 d:/embedded systems diploma/imt es diploma/00-tools/03-imt sdk/03- imt sdk/imt_sdk_win_64/imt_sdk_win_64/winavr/bin/../lib/gcc/avr/4.3.3/avr5\libgcc.a(_copy_data.o)
 .text.libgcc   0x00003c44        0x0 d:/embedded systems diploma/imt es diploma/00-tools/03-imt sdk/03- imt sdk/imt_sdk_win_64/imt_sdk_win_64/winavr/bin/../lib/gcc/avr/4.3.3/avr5\libgcc.a(_clear_bss.o)
 .text.libgcc   0x00003c44       0x38 d:/embedded systems diploma/imt es diploma/00-tools/03-imt sdk/03- imt sdk/imt_sdk_win_64/imt_sdk_win_64/winavr/bin/../lib/gcc/avr/4.3.3/avr5\libgcc.a(_prologue.o)
                0x00003c44                __prologue_saves__
 .text.libgcc   0x00003c7c       0x36 d:/embedded systems diploma/imt es diploma/00-tools/03-imt sdk/03- imt sdk/imt_sdk_win_64/imt_sdk_win_64/winavr/bin/../lib/gcc/avr/4.3.3/avr5\libgcc.a(_epilogue.o)
                0x00003c7c                __epilogue_restores__
                0x00003cb2                . = ALIGN (0x2)
 *(.fini9)
 .fini9         0x00003cb2        0x0 d:/embedded systems diploma/imt es diploma/00-tools/03-imt sdk/03- imt sdk/imt_sdk_win_64/imt_sdk_win_64/winavr/bin/../lib/gcc/avr/4.3.3/avr5\libgcc.a(_exit.o)
                0x00003cb2                exit
                0x00003cb2                _exit
 *(.fini9)
 *(.fini8)
 *(.fini8)
 *(.fini7)
 *(.fini7)
 *(.fini6)
 *(.fini6)
 *(.fini5)
 *(.fini5)
 *(.fini4)
 *(.fini4)
 *(.fini3)
 *(.fini3)
 *(.fini2)
 *(.fini2)
 *(.fini1)
 *(.fini1)
 *(.fini0)
 .fini0         0x00003cb2        0x4 d:/embedded systems diploma/imt es diploma/00-tools/03-imt sdk/03- imt sdk/imt_sdk_win_64/imt_sdk_win_64/winavr/bin/../lib/gcc/avr/4.3.3/avr5\libgcc.a(_exit.o)
 *(.fini0)
                0x00003cb6                _etext = .

.data           0x00800060       0x12 load address 0x00003cb6
                0x00800060                PROVIDE (__data_start, .)
 *(.data)
 .data          0x00800060        0x0 d:/embedded systems diploma/imt es diploma/00-tools/03-imt sdk/03- imt sdk/imt_sdk_win_64/imt_sdk_win_64/winavr/bin/../lib/gcc/avr/4.3.3/../../../../avr/lib/avr5/crtm16.o
 .data          0x00800060        0x0 ./DIO_program.o
 .data          0x00800060        0x0 ./EXTI_program.o
 .data          0x00800060        0x0 ./GIE_program.o
 .data          0x00800060        0x0 ./SSD_program.o
 .data          0x00800060        0x0 ./SW_program.o
 .data          0x00800060        0x0 ./TIMER_program.o
 .data          0x00800060        0x0 ./main.o
 .data          0x00800060        0x0 d:/embedded systems diploma/imt es diploma/00-tools/03-imt sdk/03- imt sdk/imt_sdk_win_64/imt_sdk_win_64/winavr/bin/../lib/gcc/avr/4.3.3/avr5\libgcc.a(_udivmodqi4.o)
 .data          0x00800060        0x0 d:/embedded systems diploma/imt es diploma/00-tools/03-imt sdk/03- imt sdk/imt_sdk_win_64/imt_sdk_win_64/winavr/bin/../lib/gcc/avr/4.3.3/avr5\libgcc.a(_udivmodhi4.o)
 .data          0x00800060        0x0 d:/embedded systems diploma/imt es diploma/00-tools/03-imt sdk/03- imt sdk/imt_sdk_win_64/imt_sdk_win_64/winavr/bin/../lib/gcc/avr/4.3.3/avr5\libgcc.a(_divmodhi4.o)
 .data          0x00800060        0x0 d:/embedded systems diploma/imt es diploma/00-tools/03-imt sdk/03- imt sdk/imt_sdk_win_64/imt_sdk_win_64/winavr/bin/../lib/gcc/avr/4.3.3/avr5\libgcc.a(_exit.o)
 .data          0x00800060        0x0 d:/embedded systems diploma/imt es diploma/00-tools/03-imt sdk/03- imt sdk/imt_sdk_win_64/imt_sdk_win_64/winavr/bin/../lib/gcc/avr/4.3.3/avr5\libgcc.a(_copy_data.o)
 .data          0x00800060        0x0 d:/embedded systems diploma/imt es diploma/00-tools/03-imt sdk/03- imt sdk/imt_sdk_win_64/imt_sdk_win_64/winavr/bin/../lib/gcc/avr/4.3.3/avr5\libgcc.a(_clear_bss.o)
 .data          0x00800060        0x0 d:/embedded systems diploma/imt es diploma/00-tools/03-imt sdk/03- imt sdk/imt_sdk_win_64/imt_sdk_win_64/winavr/bin/../lib/gcc/avr/4.3.3/avr5\libgcc.a(_fixunssfsi.o)
 .data          0x00800060        0x0 d:/embedded systems diploma/imt es diploma/00-tools/03-imt sdk/03- imt sdk/imt_sdk_win_64/imt_sdk_win_64/winavr/bin/../lib/gcc/avr/4.3.3/avr5\libgcc.a(_addsub_sf.o)
 .data          0x00800060        0x0 d:/embedded systems diploma/imt es diploma/00-tools/03-imt sdk/03- imt sdk/imt_sdk_win_64/imt_sdk_win_64/winavr/bin/../lib/gcc/avr/4.3.3/avr5\libgcc.a(_mul_sf.o)
 .data          0x00800060        0x0 d:/embedded systems diploma/imt es diploma/00-tools/03-imt sdk/03- imt sdk/imt_sdk_win_64/imt_sdk_win_64/winavr/bin/../lib/gcc/avr/4.3.3/avr5\libgcc.a(_div_sf.o)
 .data          0x00800060        0x0 d:/embedded systems diploma/imt es diploma/00-tools/03-imt sdk/03- imt sdk/imt_sdk_win_64/imt_sdk_win_64/winavr/bin/../lib/gcc/avr/4.3.3/avr5\libgcc.a(_gt_sf.o)
 .data          0x00800060        0x0 d:/embedded systems diploma/imt es diploma/00-tools/03-imt sdk/03- imt sdk/imt_sdk_win_64/imt_sdk_win_64/winavr/bin/../lib/gcc/avr/4.3.3/avr5\libgcc.a(_ge_sf.o)
 .data          0x00800060        0x0 d:/embedded systems diploma/imt es diploma/00-tools/03-imt sdk/03- imt sdk/imt_sdk_win_64/imt_sdk_win_64/winavr/bin/../lib/gcc/avr/4.3.3/avr5\libgcc.a(_lt_sf.o)
 .data          0x00800060        0x0 d:/embedded systems diploma/imt es diploma/00-tools/03-imt sdk/03- imt sdk/imt_sdk_win_64/imt_sdk_win_64/winavr/bin/../lib/gcc/avr/4.3.3/avr5\libgcc.a(_sf_to_si.o)
 .data          0x00800060        0x8 d:/embedded systems diploma/imt es diploma/00-tools/03-imt sdk/03- imt sdk/imt_sdk_win_64/imt_sdk_win_64/winavr/bin/../lib/gcc/avr/4.3.3/avr5\libgcc.a(_thenan_sf.o)
                0x00800060                __thenan_sf
 .data          0x00800068        0x0 d:/embedded systems diploma/imt es diploma/00-tools/03-imt sdk/03- imt sdk/imt_sdk_win_64/imt_sdk_win_64/winavr/bin/../lib/gcc/avr/4.3.3/avr5\libgcc.a(_prologue.o)
 .data          0x00800068        0x0 d:/embedded systems diploma/imt es diploma/00-tools/03-imt sdk/03- imt sdk/imt_sdk_win_64/imt_sdk_win_64/winavr/bin/../lib/gcc/avr/4.3.3/avr5\libgcc.a(_epilogue.o)
 .data          0x00800068        0x0 d:/embedded systems diploma/imt es diploma/00-tools/03-imt sdk/03- imt sdk/imt_sdk_win_64/imt_sdk_win_64/winavr/bin/../lib/gcc/avr/4.3.3/avr5\libgcc.a(_pack_sf.o)
 .data          0x00800068        0x0 d:/embedded systems diploma/imt es diploma/00-tools/03-imt sdk/03- imt sdk/imt_sdk_win_64/imt_sdk_win_64/winavr/bin/../lib/gcc/avr/4.3.3/avr5\libgcc.a(_unpack_sf.o)
 .data          0x00800068        0x0 d:/embedded systems diploma/imt es diploma/00-tools/03-imt sdk/03- imt sdk/imt_sdk_win_64/imt_sdk_win_64/winavr/bin/../lib/gcc/avr/4.3.3/avr5\libgcc.a(_fpcmp_parts_sf.o)
 *(.data*)
 *(.rodata)
 *(.rodata*)
 .rodata.C.0.1256
                0x00800068        0xa ./SSD_program.o
 *(.gnu.linkonce.d*)
                0x00800072                . = ALIGN (0x2)
                0x00800072                _edata = .
                0x00800072                PROVIDE (__data_end, .)

.bss            0x00800072       0x3b
                0x00800072                PROVIDE (__bss_start, .)
 *(.bss)
 .bss           0x00800072        0x0 d:/embedded systems diploma/imt es diploma/00-tools/03-imt sdk/03- imt sdk/imt_sdk_win_64/imt_sdk_win_64/winavr/bin/../lib/gcc/avr/4.3.3/../../../../avr/lib/avr5/crtm16.o
 .bss           0x00800072        0x0 ./DIO_program.o
 .bss           0x00800072        0x0 ./EXTI_program.o
 .bss           0x00800072        0x0 ./GIE_program.o
 .bss           0x00800072        0x0 ./SSD_program.o
 .bss           0x00800072        0x0 ./SW_program.o
 .bss           0x00800072        0x0 ./TIMER_program.o
 .bss           0x00800072        0x0 ./main.o
 .bss           0x00800072        0x0 d:/embedded systems diploma/imt es diploma/00-tools/03-imt sdk/03- imt sdk/imt_sdk_win_64/imt_sdk_win_64/winavr/bin/../lib/gcc/avr/4.3.3/avr5\libgcc.a(_udivmodqi4.o)
 .bss           0x00800072        0x0 d:/embedded systems diploma/imt es diploma/00-tools/03-imt sdk/03- imt sdk/imt_sdk_win_64/imt_sdk_win_64/winavr/bin/../lib/gcc/avr/4.3.3/avr5\libgcc.a(_udivmodhi4.o)
 .bss           0x00800072        0x0 d:/embedded systems diploma/imt es diploma/00-tools/03-imt sdk/03- imt sdk/imt_sdk_win_64/imt_sdk_win_64/winavr/bin/../lib/gcc/avr/4.3.3/avr5\libgcc.a(_divmodhi4.o)
 .bss           0x00800072        0x0 d:/embedded systems diploma/imt es diploma/00-tools/03-imt sdk/03- imt sdk/imt_sdk_win_64/imt_sdk_win_64/winavr/bin/../lib/gcc/avr/4.3.3/avr5\libgcc.a(_exit.o)
 .bss           0x00800072        0x0 d:/embedded systems diploma/imt es diploma/00-tools/03-imt sdk/03- imt sdk/imt_sdk_win_64/imt_sdk_win_64/winavr/bin/../lib/gcc/avr/4.3.3/avr5\libgcc.a(_copy_data.o)
 .bss           0x00800072        0x0 d:/embedded systems diploma/imt es diploma/00-tools/03-imt sdk/03- imt sdk/imt_sdk_win_64/imt_sdk_win_64/winavr/bin/../lib/gcc/avr/4.3.3/avr5\libgcc.a(_clear_bss.o)
 .bss           0x00800072        0x0 d:/embedded systems diploma/imt es diploma/00-tools/03-imt sdk/03- imt sdk/imt_sdk_win_64/imt_sdk_win_64/winavr/bin/../lib/gcc/avr/4.3.3/avr5\libgcc.a(_fixunssfsi.o)
 .bss           0x00800072        0x0 d:/embedded systems diploma/imt es diploma/00-tools/03-imt sdk/03- imt sdk/imt_sdk_win_64/imt_sdk_win_64/winavr/bin/../lib/gcc/avr/4.3.3/avr5\libgcc.a(_addsub_sf.o)
 .bss           0x00800072        0x0 d:/embedded systems diploma/imt es diploma/00-tools/03-imt sdk/03- imt sdk/imt_sdk_win_64/imt_sdk_win_64/winavr/bin/../lib/gcc/avr/4.3.3/avr5\libgcc.a(_mul_sf.o)
 .bss           0x00800072        0x0 d:/embedded systems diploma/imt es diploma/00-tools/03-imt sdk/03- imt sdk/imt_sdk_win_64/imt_sdk_win_64/winavr/bin/../lib/gcc/avr/4.3.3/avr5\libgcc.a(_div_sf.o)
 .bss           0x00800072        0x0 d:/embedded systems diploma/imt es diploma/00-tools/03-imt sdk/03- imt sdk/imt_sdk_win_64/imt_sdk_win_64/winavr/bin/../lib/gcc/avr/4.3.3/avr5\libgcc.a(_gt_sf.o)
 .bss           0x00800072        0x0 d:/embedded systems diploma/imt es diploma/00-tools/03-imt sdk/03- imt sdk/imt_sdk_win_64/imt_sdk_win_64/winavr/bin/../lib/gcc/avr/4.3.3/avr5\libgcc.a(_ge_sf.o)
 .bss           0x00800072        0x0 d:/embedded systems diploma/imt es diploma/00-tools/03-imt sdk/03- imt sdk/imt_sdk_win_64/imt_sdk_win_64/winavr/bin/../lib/gcc/avr/4.3.3/avr5\libgcc.a(_lt_sf.o)
 .bss           0x00800072        0x0 d:/embedded systems diploma/imt es diploma/00-tools/03-imt sdk/03- imt sdk/imt_sdk_win_64/imt_sdk_win_64/winavr/bin/../lib/gcc/avr/4.3.3/avr5\libgcc.a(_sf_to_si.o)
 .bss           0x00800072        0x0 d:/embedded systems diploma/imt es diploma/00-tools/03-imt sdk/03- imt sdk/imt_sdk_win_64/imt_sdk_win_64/winavr/bin/../lib/gcc/avr/4.3.3/avr5\libgcc.a(_thenan_sf.o)
 .bss           0x00800072        0x0 d:/embedded systems diploma/imt es diploma/00-tools/03-imt sdk/03- imt sdk/imt_sdk_win_64/imt_sdk_win_64/winavr/bin/../lib/gcc/avr/4.3.3/avr5\libgcc.a(_prologue.o)
 .bss           0x00800072        0x0 d:/embedded systems diploma/imt es diploma/00-tools/03-imt sdk/03- imt sdk/imt_sdk_win_64/imt_sdk_win_64/winavr/bin/../lib/gcc/avr/4.3.3/avr5\libgcc.a(_epilogue.o)
 .bss           0x00800072        0x0 d:/embedded systems diploma/imt es diploma/00-tools/03-imt sdk/03- imt sdk/imt_sdk_win_64/imt_sdk_win_64/winavr/bin/../lib/gcc/avr/4.3.3/avr5\libgcc.a(_pack_sf.o)
 .bss           0x00800072        0x0 d:/embedded systems diploma/imt es diploma/00-tools/03-imt sdk/03- imt sdk/imt_sdk_win_64/imt_sdk_win_64/winavr/bin/../lib/gcc/avr/4.3.3/avr5\libgcc.a(_unpack_sf.o)
 .bss           0x00800072        0x0 d:/embedded systems diploma/imt es diploma/00-tools/03-imt sdk/03- imt sdk/imt_sdk_win_64/imt_sdk_win_64/winavr/bin/../lib/gcc/avr/4.3.3/avr5\libgcc.a(_fpcmp_parts_sf.o)
 *(.bss*)
 .bss.EXTI_pvInt0Func
                0x00800072        0x2 ./EXTI_program.o
                0x00800072                EXTI_pvInt0Func
 .bss.EXTI_pvInt1Func
                0x00800074        0x2 ./EXTI_program.o
                0x00800074                EXTI_pvInt1Func
 .bss.EXTI_pvInt2Func
                0x00800076        0x2 ./EXTI_program.o
                0x00800076                EXTI_pvInt2Func
 .bss.Local_u16Counter.1304
                0x00800078        0x2 ./TIMER_program.o
 .bss.Local_u8Counter.1319
                0x0080007a        0x2 ./TIMER_program.o
 .bss.Local_u16Counter.1380
                0x0080007c        0x2 ./TIMER_program.o
 .bss.Local_u8Counter.1395
                0x0080007e        0x2 ./TIMER_program.o
 .bss.TIMER0_pSetCallBack
                0x00800080        0x2 ./TIMER_program.o
 .bss.TIMER1_pSetCallBack
                0x00800082        0x2 ./TIMER_program.o
 .bss.TIMER2_pSetCallBack
                0x00800084        0x2 ./TIMER_program.o
 .bss.Timer1_pICUSetCallBack
                0x00800086        0x2 ./TIMER_program.o
 .bss.Global_u8Tick
                0x00800088        0x1 ./main.o
                0x00800088                Global_u8Tick
 .bss.Global_u8Second
                0x00800089        0x1 ./main.o
                0x00800089                Global_u8Second
 .bss.Global_u8Minute
                0x0080008a        0x1 ./main.o
                0x0080008a                Global_u8Minute
 .bss.Global_u8Hour
                0x0080008b        0x1 ./main.o
                0x0080008b                Global_u8Hour
 *(COMMON)
 COMMON         0x0080008c       0x21 ./TIMER_program.o
                0x0080008c                TIMER1_u8MODEPWM
                0x0080008d                TIMER0_f32PreloodValue
                0x00800091                TIMER0_f32OVCounterTmp
                0x00800095                TIMER0_u16Prescaller
                0x00800099                TIMER2_f32OVCounter
                0x0080009d                TIMER2_u16Prescaller
                0x008000a1                TIMER0_f32CounterCTC
                0x008000a5                TIMER2_f32CounterCTC
                0x008000a9                TIMER2_f32PreloodValue
                0x008000ad                PROVIDE (__bss_end, .)
                0x00003cb6                __data_load_start = LOADADDR (.data)
                0x00003cc8                __data_load_end = (__data_load_start + SIZEOF (.data))

.noinit         0x008000ad        0x0
                0x008000ad                PROVIDE (__noinit_start, .)
 *(.noinit*)
                0x008000ad                PROVIDE (__noinit_end, .)
                0x008000ad                _end = .
                0x008000ad                PROVIDE (__heap_start, .)

.eeprom         0x00810000        0x0
 *(.eeprom*)
                0x00810000                __eeprom_end = .

.fuse
 *(.fuse)
 *(.lfuse)
 *(.hfuse)
 *(.efuse)

.lock
 *(.lock*)

.signature
 *(.signature*)

.stab           0x00000000     0x3318
 *(.stab)
 .stab          0x00000000      0x87c ./DIO_program.o
 .stab          0x0000087c      0x78c ./EXTI_program.o
                                0x828 (size before relaxing)
 .stab          0x00001008      0x144 ./GIE_program.o
                                0x1e0 (size before relaxing)
 .stab          0x0000114c      0x42c ./SSD_program.o
                                0x4c8 (size before relaxing)
 .stab          0x00001578      0x24c ./SW_program.o
                                0x2e8 (size before relaxing)
 .stab          0x000017c4      0xff0 ./TIMER_program.o
                               0x108c (size before relaxing)
 .stab          0x000027b4      0xb64 ./main.o
                                0xc00 (size before relaxing)

.stabstr        0x00000000     0x1576
 *(.stabstr)
 .stabstr       0x00000000     0x1576 ./DIO_program.o

.stab.excl
 *(.stab.excl)

.stab.exclstr
 *(.stab.exclstr)

.stab.index
 *(.stab.index)

.stab.indexstr
 *(.stab.indexstr)

.comment
 *(.comment)

.debug
 *(.debug)

.line
 *(.line)

.debug_srcinfo
 *(.debug_srcinfo)

.debug_sfnames
 *(.debug_sfnames)

.debug_aranges  0x00000000      0x160
 *(.debug_aranges)
 .debug_aranges
                0x00000000       0x20 d:/embedded systems diploma/imt es diploma/00-tools/03-imt sdk/03- imt sdk/imt_sdk_win_64/imt_sdk_win_64/winavr/bin/../lib/gcc/avr/4.3.3/avr5\libgcc.a(_fixunssfsi.o)
 .debug_aranges
                0x00000020       0x20 d:/embedded systems diploma/imt es diploma/00-tools/03-imt sdk/03- imt sdk/imt_sdk_win_64/imt_sdk_win_64/winavr/bin/../lib/gcc/avr/4.3.3/avr5\libgcc.a(_addsub_sf.o)
 .debug_aranges
                0x00000040       0x20 d:/embedded systems diploma/imt es diploma/00-tools/03-imt sdk/03- imt sdk/imt_sdk_win_64/imt_sdk_win_64/winavr/bin/../lib/gcc/avr/4.3.3/avr5\libgcc.a(_mul_sf.o)
 .debug_aranges
                0x00000060       0x20 d:/embedded systems diploma/imt es diploma/00-tools/03-imt sdk/03- imt sdk/imt_sdk_win_64/imt_sdk_win_64/winavr/bin/../lib/gcc/avr/4.3.3/avr5\libgcc.a(_div_sf.o)
 .debug_aranges
                0x00000080       0x20 d:/embedded systems diploma/imt es diploma/00-tools/03-imt sdk/03- imt sdk/imt_sdk_win_64/imt_sdk_win_64/winavr/bin/../lib/gcc/avr/4.3.3/avr5\libgcc.a(_gt_sf.o)
 .debug_aranges
                0x000000a0       0x20 d:/embedded systems diploma/imt es diploma/00-tools/03-imt sdk/03- imt sdk/imt_sdk_win_64/imt_sdk_win_64/winavr/bin/../lib/gcc/avr/4.3.3/avr5\libgcc.a(_ge_sf.o)
 .debug_aranges
                0x000000c0       0x20 d:/embedded systems diploma/imt es diploma/00-tools/03-imt sdk/03- imt sdk/imt_sdk_win_64/imt_sdk_win_64/winavr/bin/../lib/gcc/avr/4.3.3/avr5\libgcc.a(_lt_sf.o)
 .debug_aranges
                0x000000e0       0x20 d:/embedded systems diploma/imt es diploma/00-tools/03-imt sdk/03- imt sdk/imt_sdk_win_64/imt_sdk_win_64/winavr/bin/../lib/gcc/avr/4.3.3/avr5\libgcc.a(_sf_to_si.o)
 .debug_aranges
                0x00000100       0x20 d:/embedded systems diploma/imt es diploma/00-tools/03-imt sdk/03- imt sdk/imt_sdk_win_64/imt_sdk_win_64/winavr/bin/../lib/gcc/avr/4.3.3/avr5\libgcc.a(_pack_sf.o)
 .debug_aranges
                0x00000120       0x20 d:/embedded systems diploma/imt es diploma/00-tools/03-imt sdk/03- imt sdk/imt_sdk_win_64/imt_sdk_win_64/winavr/bin/../lib/gcc/avr/4.3.3/avr5\libgcc.a(_unpack_sf.o)
 .debug_aranges
                0x00000140       0x20 d:/embedded systems diploma/imt es diploma/00-tools/03-imt sdk/03- imt sdk/imt_sdk_win_64/imt_sdk_win_64/winavr/bin/../lib/gcc/avr/4.3.3/avr5\libgcc.a(_fpcmp_parts_sf.o)

.debug_pubnames
                0x00000000      0x18f
 *(.debug_pubnames)
 .debug_pubnames
                0x00000000       0x23 d:/embedded systems diploma/imt es diploma/00-tools/03-imt sdk/03- imt sdk/imt_sdk_win_64/imt_sdk_win_64/winavr/bin/../lib/gcc/avr/4.3.3/avr5\libgcc.a(_fixunssfsi.o)
 .debug_pubnames
                0x00000023       0x2c d:/embedded systems diploma/imt es diploma/00-tools/03-imt sdk/03- imt sdk/imt_sdk_win_64/imt_sdk_win_64/winavr/bin/../lib/gcc/avr/4.3.3/avr5\libgcc.a(_addsub_sf.o)
 .debug_pubnames
                0x0000004f       0x1f d:/embedded systems diploma/imt es diploma/00-tools/03-imt sdk/03- imt sdk/imt_sdk_win_64/imt_sdk_win_64/winavr/bin/../lib/gcc/avr/4.3.3/avr5\libgcc.a(_mul_sf.o)
 .debug_pubnames
                0x0000006e       0x1f d:/embedded systems diploma/imt es diploma/00-tools/03-imt sdk/03- imt sdk/imt_sdk_win_64/imt_sdk_win_64/winavr/bin/../lib/gcc/avr/4.3.3/avr5\libgcc.a(_div_sf.o)
 .debug_pubnames
                0x0000008d       0x1e d:/embedded systems diploma/imt es diploma/00-tools/03-imt sdk/03- imt sdk/imt_sdk_win_64/imt_sdk_win_64/winavr/bin/../lib/gcc/avr/4.3.3/avr5\libgcc.a(_gt_sf.o)
 .debug_pubnames
                0x000000ab       0x1e d:/embedded systems diploma/imt es diploma/00-tools/03-imt sdk/03- imt sdk/imt_sdk_win_64/imt_sdk_win_64/winavr/bin/../lib/gcc/avr/4.3.3/avr5\libgcc.a(_ge_sf.o)
 .debug_pubnames
                0x000000c9       0x1e d:/embedded systems diploma/imt es diploma/00-tools/03-imt sdk/03- imt sdk/imt_sdk_win_64/imt_sdk_win_64/winavr/bin/../lib/gcc/avr/4.3.3/avr5\libgcc.a(_lt_sf.o)
 .debug_pubnames
                0x000000e7       0x20 d:/embedded systems diploma/imt es diploma/00-tools/03-imt sdk/03- imt sdk/imt_sdk_win_64/imt_sdk_win_64/winavr/bin/../lib/gcc/avr/4.3.3/avr5\libgcc.a(_sf_to_si.o)
 .debug_pubnames
                0x00000107       0x22 d:/embedded systems diploma/imt es diploma/00-tools/03-imt sdk/03- imt sdk/imt_sdk_win_64/imt_sdk_win_64/winavr/bin/../lib/gcc/avr/4.3.3/avr5\libgcc.a(_thenan_sf.o)
 .debug_pubnames
                0x00000129       0x1f d:/embedded systems diploma/imt es diploma/00-tools/03-imt sdk/03- imt sdk/imt_sdk_win_64/imt_sdk_win_64/winavr/bin/../lib/gcc/avr/4.3.3/avr5\libgcc.a(_pack_sf.o)
 .debug_pubnames
                0x00000148       0x21 d:/embedded systems diploma/imt es diploma/00-tools/03-imt sdk/03- imt sdk/imt_sdk_win_64/imt_sdk_win_64/winavr/bin/../lib/gcc/avr/4.3.3/avr5\libgcc.a(_unpack_sf.o)
 .debug_pubnames
                0x00000169       0x26 d:/embedded systems diploma/imt es diploma/00-tools/03-imt sdk/03- imt sdk/imt_sdk_win_64/imt_sdk_win_64/winavr/bin/../lib/gcc/avr/4.3.3/avr5\libgcc.a(_fpcmp_parts_sf.o)

.debug_info     0x00000000     0x2045
 *(.debug_info)
 .debug_info    0x00000000       0xb1 d:/embedded systems diploma/imt es diploma/00-tools/03-imt sdk/03- imt sdk/imt_sdk_win_64/imt_sdk_win_64/winavr/bin/../lib/gcc/avr/4.3.3/avr5\libgcc.a(_fixunssfsi.o)
 .debug_info    0x000000b1      0x47a d:/embedded systems diploma/imt es diploma/00-tools/03-imt sdk/03- imt sdk/imt_sdk_win_64/imt_sdk_win_64/winavr/bin/../lib/gcc/avr/4.3.3/avr5\libgcc.a(_addsub_sf.o)
 .debug_info    0x0000052b      0x485 d:/embedded systems diploma/imt es diploma/00-tools/03-imt sdk/03- imt sdk/imt_sdk_win_64/imt_sdk_win_64/winavr/bin/../lib/gcc/avr/4.3.3/avr5\libgcc.a(_mul_sf.o)
 .debug_info    0x000009b0      0x3fc d:/embedded systems diploma/imt es diploma/00-tools/03-imt sdk/03- imt sdk/imt_sdk_win_64/imt_sdk_win_64/winavr/bin/../lib/gcc/avr/4.3.3/avr5\libgcc.a(_div_sf.o)
 .debug_info    0x00000dac      0x27f d:/embedded systems diploma/imt es diploma/00-tools/03-imt sdk/03- imt sdk/imt_sdk_win_64/imt_sdk_win_64/winavr/bin/../lib/gcc/avr/4.3.3/avr5\libgcc.a(_gt_sf.o)
 .debug_info    0x0000102b      0x27f d:/embedded systems diploma/imt es diploma/00-tools/03-imt sdk/03- imt sdk/imt_sdk_win_64/imt_sdk_win_64/winavr/bin/../lib/gcc/avr/4.3.3/avr5\libgcc.a(_ge_sf.o)
 .debug_info    0x000012aa      0x27f d:/embedded systems diploma/imt es diploma/00-tools/03-imt sdk/03- imt sdk/imt_sdk_win_64/imt_sdk_win_64/winavr/bin/../lib/gcc/avr/4.3.3/avr5\libgcc.a(_lt_sf.o)
 .debug_info    0x00001529      0x2b0 d:/embedded systems diploma/imt es diploma/00-tools/03-imt sdk/03- imt sdk/imt_sdk_win_64/imt_sdk_win_64/winavr/bin/../lib/gcc/avr/4.3.3/avr5\libgcc.a(_sf_to_si.o)
 .debug_info    0x000017d9      0x12c d:/embedded systems diploma/imt es diploma/00-tools/03-imt sdk/03- imt sdk/imt_sdk_win_64/imt_sdk_win_64/winavr/bin/../lib/gcc/avr/4.3.3/avr5\libgcc.a(_thenan_sf.o)
 .debug_info    0x00001905      0x2df d:/embedded systems diploma/imt es diploma/00-tools/03-imt sdk/03- imt sdk/imt_sdk_win_64/imt_sdk_win_64/winavr/bin/../lib/gcc/avr/4.3.3/avr5\libgcc.a(_pack_sf.o)
 .debug_info    0x00001be4      0x251 d:/embedded systems diploma/imt es diploma/00-tools/03-imt sdk/03- imt sdk/imt_sdk_win_64/imt_sdk_win_64/winavr/bin/../lib/gcc/avr/4.3.3/avr5\libgcc.a(_unpack_sf.o)
 .debug_info    0x00001e35      0x210 d:/embedded systems diploma/imt es diploma/00-tools/03-imt sdk/03- imt sdk/imt_sdk_win_64/imt_sdk_win_64/winavr/bin/../lib/gcc/avr/4.3.3/avr5\libgcc.a(_fpcmp_parts_sf.o)
 *(.gnu.linkonce.wi.*)

.debug_abbrev   0x00000000     0x1101
 *(.debug_abbrev)
 .debug_abbrev  0x00000000       0x5d d:/embedded systems diploma/imt es diploma/00-tools/03-imt sdk/03- imt sdk/imt_sdk_win_64/imt_sdk_win_64/winavr/bin/../lib/gcc/avr/4.3.3/avr5\libgcc.a(_fixunssfsi.o)
 .debug_abbrev  0x0000005d      0x1ea d:/embedded systems diploma/imt es diploma/00-tools/03-imt sdk/03- imt sdk/imt_sdk_win_64/imt_sdk_win_64/winavr/bin/../lib/gcc/avr/4.3.3/avr5\libgcc.a(_addsub_sf.o)
 .debug_abbrev  0x00000247      0x21b d:/embedded systems diploma/imt es diploma/00-tools/03-imt sdk/03- imt sdk/imt_sdk_win_64/imt_sdk_win_64/winavr/bin/../lib/gcc/avr/4.3.3/avr5\libgcc.a(_mul_sf.o)
 .debug_abbrev  0x00000462      0x216 d:/embedded systems diploma/imt es diploma/00-tools/03-imt sdk/03- imt sdk/imt_sdk_win_64/imt_sdk_win_64/winavr/bin/../lib/gcc/avr/4.3.3/avr5\libgcc.a(_div_sf.o)
 .debug_abbrev  0x00000678      0x15a d:/embedded systems diploma/imt es diploma/00-tools/03-imt sdk/03- imt sdk/imt_sdk_win_64/imt_sdk_win_64/winavr/bin/../lib/gcc/avr/4.3.3/avr5\libgcc.a(_gt_sf.o)
 .debug_abbrev  0x000007d2      0x15a d:/embedded systems diploma/imt es diploma/00-tools/03-imt sdk/03- imt sdk/imt_sdk_win_64/imt_sdk_win_64/winavr/bin/../lib/gcc/avr/4.3.3/avr5\libgcc.a(_ge_sf.o)
 .debug_abbrev  0x0000092c      0x15a d:/embedded systems diploma/imt es diploma/00-tools/03-imt sdk/03- imt sdk/imt_sdk_win_64/imt_sdk_win_64/winavr/bin/../lib/gcc/avr/4.3.3/avr5\libgcc.a(_lt_sf.o)
 .debug_abbrev  0x00000a86      0x17f d:/embedded systems diploma/imt es diploma/00-tools/03-imt sdk/03- imt sdk/imt_sdk_win_64/imt_sdk_win_64/winavr/bin/../lib/gcc/avr/4.3.3/avr5\libgcc.a(_sf_to_si.o)
 .debug_abbrev  0x00000c05       0xad d:/embedded systems diploma/imt es diploma/00-tools/03-imt sdk/03- imt sdk/imt_sdk_win_64/imt_sdk_win_64/winavr/bin/../lib/gcc/avr/4.3.3/avr5\libgcc.a(_thenan_sf.o)
 .debug_abbrev  0x00000cb2      0x1c0 d:/embedded systems diploma/imt es diploma/00-tools/03-imt sdk/03- imt sdk/imt_sdk_win_64/imt_sdk_win_64/winavr/bin/../lib/gcc/avr/4.3.3/avr5\libgcc.a(_pack_sf.o)
 .debug_abbrev  0x00000e72      0x154 d:/embedded systems diploma/imt es diploma/00-tools/03-imt sdk/03- imt sdk/imt_sdk_win_64/imt_sdk_win_64/winavr/bin/../lib/gcc/avr/4.3.3/avr5\libgcc.a(_unpack_sf.o)
 .debug_abbrev  0x00000fc6      0x13b d:/embedded systems diploma/imt es diploma/00-tools/03-imt sdk/03- imt sdk/imt_sdk_win_64/imt_sdk_win_64/winavr/bin/../lib/gcc/avr/4.3.3/avr5\libgcc.a(_fpcmp_parts_sf.o)

.debug_line     0x00000000      0xf82
 *(.debug_line)
 .debug_line    0x00000000       0xa7 d:/embedded systems diploma/imt es diploma/00-tools/03-imt sdk/03- imt sdk/imt_sdk_win_64/imt_sdk_win_64/winavr/bin/../lib/gcc/avr/4.3.3/avr5\libgcc.a(_fixunssfsi.o)
 .debug_line    0x000000a7      0x2af d:/embedded systems diploma/imt es diploma/00-tools/03-imt sdk/03- imt sdk/imt_sdk_win_64/imt_sdk_win_64/winavr/bin/../lib/gcc/avr/4.3.3/avr5\libgcc.a(_addsub_sf.o)
 .debug_line    0x00000356      0x239 d:/embedded systems diploma/imt es diploma/00-tools/03-imt sdk/03- imt sdk/imt_sdk_win_64/imt_sdk_win_64/winavr/bin/../lib/gcc/avr/4.3.3/avr5\libgcc.a(_mul_sf.o)
 .debug_line    0x0000058f      0x1d5 d:/embedded systems diploma/imt es diploma/00-tools/03-imt sdk/03- imt sdk/imt_sdk_win_64/imt_sdk_win_64/winavr/bin/../lib/gcc/avr/4.3.3/avr5\libgcc.a(_div_sf.o)
 .debug_line    0x00000764       0xd3 d:/embedded systems diploma/imt es diploma/00-tools/03-imt sdk/03- imt sdk/imt_sdk_win_64/imt_sdk_win_64/winavr/bin/../lib/gcc/avr/4.3.3/avr5\libgcc.a(_gt_sf.o)
 .debug_line    0x00000837       0xd3 d:/embedded systems diploma/imt es diploma/00-tools/03-imt sdk/03- imt sdk/imt_sdk_win_64/imt_sdk_win_64/winavr/bin/../lib/gcc/avr/4.3.3/avr5\libgcc.a(_ge_sf.o)
 .debug_line    0x0000090a       0xd3 d:/embedded systems diploma/imt es diploma/00-tools/03-imt sdk/03- imt sdk/imt_sdk_win_64/imt_sdk_win_64/winavr/bin/../lib/gcc/avr/4.3.3/avr5\libgcc.a(_lt_sf.o)
 .debug_line    0x000009dd      0x109 d:/embedded systems diploma/imt es diploma/00-tools/03-imt sdk/03- imt sdk/imt_sdk_win_64/imt_sdk_win_64/winavr/bin/../lib/gcc/avr/4.3.3/avr5\libgcc.a(_sf_to_si.o)
 .debug_line    0x00000ae6       0x90 d:/embedded systems diploma/imt es diploma/00-tools/03-imt sdk/03- imt sdk/imt_sdk_win_64/imt_sdk_win_64/winavr/bin/../lib/gcc/avr/4.3.3/avr5\libgcc.a(_thenan_sf.o)
 .debug_line    0x00000b76      0x18a d:/embedded systems diploma/imt es diploma/00-tools/03-imt sdk/03- imt sdk/imt_sdk_win_64/imt_sdk_win_64/winavr/bin/../lib/gcc/avr/4.3.3/avr5\libgcc.a(_pack_sf.o)
 .debug_line    0x00000d00      0x14b d:/embedded systems diploma/imt es diploma/00-tools/03-imt sdk/03- imt sdk/imt_sdk_win_64/imt_sdk_win_64/winavr/bin/../lib/gcc/avr/4.3.3/avr5\libgcc.a(_unpack_sf.o)
 .debug_line    0x00000e4b      0x137 d:/embedded systems diploma/imt es diploma/00-tools/03-imt sdk/03- imt sdk/imt_sdk_win_64/imt_sdk_win_64/winavr/bin/../lib/gcc/avr/4.3.3/avr5\libgcc.a(_fpcmp_parts_sf.o)

.debug_frame    0x00000000      0x180
 *(.debug_frame)
 .debug_frame   0x00000000       0x20 d:/embedded systems diploma/imt es diploma/00-tools/03-imt sdk/03- imt sdk/imt_sdk_win_64/imt_sdk_win_64/winavr/bin/../lib/gcc/avr/4.3.3/avr5\libgcc.a(_fixunssfsi.o)
 .debug_frame   0x00000020       0x40 d:/embedded systems diploma/imt es diploma/00-tools/03-imt sdk/03- imt sdk/imt_sdk_win_64/imt_sdk_win_64/winavr/bin/../lib/gcc/avr/4.3.3/avr5\libgcc.a(_addsub_sf.o)
 .debug_frame   0x00000060       0x20 d:/embedded systems diploma/imt es diploma/00-tools/03-imt sdk/03- imt sdk/imt_sdk_win_64/imt_sdk_win_64/winavr/bin/../lib/gcc/avr/4.3.3/avr5\libgcc.a(_mul_sf.o)
 .debug_frame   0x00000080       0x20 d:/embedded systems diploma/imt es diploma/00-tools/03-imt sdk/03- imt sdk/imt_sdk_win_64/imt_sdk_win_64/winavr/bin/../lib/gcc/avr/4.3.3/avr5\libgcc.a(_div_sf.o)
 .debug_frame   0x000000a0       0x20 d:/embedded systems diploma/imt es diploma/00-tools/03-imt sdk/03- imt sdk/imt_sdk_win_64/imt_sdk_win_64/winavr/bin/../lib/gcc/avr/4.3.3/avr5\libgcc.a(_gt_sf.o)
 .debug_frame   0x000000c0       0x20 d:/embedded systems diploma/imt es diploma/00-tools/03-imt sdk/03- imt sdk/imt_sdk_win_64/imt_sdk_win_64/winavr/bin/../lib/gcc/avr/4.3.3/avr5\libgcc.a(_ge_sf.o)
 .debug_frame   0x000000e0       0x20 d:/embedded systems diploma/imt es diploma/00-tools/03-imt sdk/03- imt sdk/imt_sdk_win_64/imt_sdk_win_64/winavr/bin/../lib/gcc/avr/4.3.3/avr5\libgcc.a(_lt_sf.o)
 .debug_frame   0x00000100       0x20 d:/embedded systems diploma/imt es diploma/00-tools/03-imt sdk/03- imt sdk/imt_sdk_win_64/imt_sdk_win_64/winavr/bin/../lib/gcc/avr/4.3.3/avr5\libgcc.a(_sf_to_si.o)
 .debug_frame   0x00000120       0x20 d:/embedded systems diploma/imt es diploma/00-tools/03-imt sdk/03- imt sdk/imt_sdk_win_64/imt_sdk_win_64/winavr/bin/../lib/gcc/avr/4.3.3/avr5\libgcc.a(_pack_sf.o)
 .debug_frame   0x00000140       0x20 d:/embedded systems diploma/imt es diploma/00-tools/03-imt sdk/03- imt sdk/imt_sdk_win_64/imt_sdk_win_64/winavr/bin/../lib/gcc/avr/4.3.3/avr5\libgcc.a(_unpack_sf.o)
 .debug_frame   0x00000160       0x20 d:/embedded systems diploma/imt es diploma/00-tools/03-imt sdk/03- imt sdk/imt_sdk_win_64/imt_sdk_win_64/winavr/bin/../lib/gcc/avr/4.3.3/avr5\libgcc.a(_fpcmp_parts_sf.o)

.debug_str      0x00000000      0x2c2
 *(.debug_str)
 .debug_str     0x00000000       0xbf d:/embedded systems diploma/imt es diploma/00-tools/03-imt sdk/03- imt sdk/imt_sdk_win_64/imt_sdk_win_64/winavr/bin/../lib/gcc/avr/4.3.3/avr5\libgcc.a(_fixunssfsi.o)
                                 0xfe (size before relaxing)
 .debug_str     0x000000bf      0x14d d:/embedded systems diploma/imt es diploma/00-tools/03-imt sdk/03- imt sdk/imt_sdk_win_64/imt_sdk_win_64/winavr/bin/../lib/gcc/avr/4.3.3/avr5\libgcc.a(_addsub_sf.o)
                                0x206 (size before relaxing)
 .debug_str     0x0000020c       0x27 d:/embedded systems diploma/imt es diploma/00-tools/03-imt sdk/03- imt sdk/imt_sdk_win_64/imt_sdk_win_64/winavr/bin/../lib/gcc/avr/4.3.3/avr5\libgcc.a(_mul_sf.o)
                                0x1bf (size before relaxing)
 .debug_str     0x00000233       0x35 d:/embedded systems diploma/imt es diploma/00-tools/03-imt sdk/03- imt sdk/imt_sdk_win_64/imt_sdk_win_64/winavr/bin/../lib/gcc/avr/4.3.3/avr5\libgcc.a(_div_sf.o)
                                0x1c8 (size before relaxing)
 .debug_str     0x00000268        0xf d:/embedded systems diploma/imt es diploma/00-tools/03-imt sdk/03- imt sdk/imt_sdk_win_64/imt_sdk_win_64/winavr/bin/../lib/gcc/avr/4.3.3/avr5\libgcc.a(_gt_sf.o)
                                0x195 (size before relaxing)
 .debug_str     0x00000277        0x8 d:/embedded systems diploma/imt es diploma/00-tools/03-imt sdk/03- imt sdk/imt_sdk_win_64/imt_sdk_win_64/winavr/bin/../lib/gcc/avr/4.3.3/avr5\libgcc.a(_ge_sf.o)
                                0x195 (size before relaxing)
 .debug_str     0x0000027f        0x8 d:/embedded systems diploma/imt es diploma/00-tools/03-imt sdk/03- imt sdk/imt_sdk_win_64/imt_sdk_win_64/winavr/bin/../lib/gcc/avr/4.3.3/avr5\libgcc.a(_lt_sf.o)
                                0x195 (size before relaxing)
 .debug_str     0x00000287        0xa d:/embedded systems diploma/imt es diploma/00-tools/03-imt sdk/03- imt sdk/imt_sdk_win_64/imt_sdk_win_64/winavr/bin/../lib/gcc/avr/4.3.3/avr5\libgcc.a(_sf_to_si.o)
                                0x19e (size before relaxing)
 .debug_str     0x00000000      0x103 d:/embedded systems diploma/imt es diploma/00-tools/03-imt sdk/03- imt sdk/imt_sdk_win_64/imt_sdk_win_64/winavr/bin/../lib/gcc/avr/4.3.3/avr5\libgcc.a(_thenan_sf.o)
 .debug_str     0x00000291       0x16 d:/embedded systems diploma/imt es diploma/00-tools/03-imt sdk/03- imt sdk/imt_sdk_win_64/imt_sdk_win_64/winavr/bin/../lib/gcc/avr/4.3.3/avr5\libgcc.a(_pack_sf.o)
                                0x19d (size before relaxing)
 .debug_str     0x000002a7        0xb d:/embedded systems diploma/imt es diploma/00-tools/03-imt sdk/03- imt sdk/imt_sdk_win_64/imt_sdk_win_64/winavr/bin/../lib/gcc/avr/4.3.3/avr5\libgcc.a(_unpack_sf.o)
                                0x17f (size before relaxing)
 .debug_str     0x000002b2       0x10 d:/embedded systems diploma/imt es diploma/00-tools/03-imt sdk/03- imt sdk/imt_sdk_win_64/imt_sdk_win_64/winavr/bin/../lib/gcc/avr/4.3.3/avr5\libgcc.a(_fpcmp_parts_sf.o)
                                0x163 (size before relaxing)

.debug_loc      0x00000000      0x88e
 *(.debug_loc)
 .debug_loc     0x00000000       0x34 d:/embedded systems diploma/imt es diploma/00-tools/03-imt sdk/03- imt sdk/imt_sdk_win_64/imt_sdk_win_64/winavr/bin/../lib/gcc/avr/4.3.3/avr5\libgcc.a(_fixunssfsi.o)
 .debug_loc     0x00000034      0x32a d:/embedded systems diploma/imt es diploma/00-tools/03-imt sdk/03- imt sdk/imt_sdk_win_64/imt_sdk_win_64/winavr/bin/../lib/gcc/avr/4.3.3/avr5\libgcc.a(_addsub_sf.o)
 .debug_loc     0x0000035e      0x104 d:/embedded systems diploma/imt es diploma/00-tools/03-imt sdk/03- imt sdk/imt_sdk_win_64/imt_sdk_win_64/winavr/bin/../lib/gcc/avr/4.3.3/avr5\libgcc.a(_mul_sf.o)
 .debug_loc     0x00000462       0xc0 d:/embedded systems diploma/imt es diploma/00-tools/03-imt sdk/03- imt sdk/imt_sdk_win_64/imt_sdk_win_64/winavr/bin/../lib/gcc/avr/4.3.3/avr5\libgcc.a(_div_sf.o)
 .debug_loc     0x00000522       0x3c d:/embedded systems diploma/imt es diploma/00-tools/03-imt sdk/03- imt sdk/imt_sdk_win_64/imt_sdk_win_64/winavr/bin/../lib/gcc/avr/4.3.3/avr5\libgcc.a(_gt_sf.o)
 .debug_loc     0x0000055e       0x3c d:/embedded systems diploma/imt es diploma/00-tools/03-imt sdk/03- imt sdk/imt_sdk_win_64/imt_sdk_win_64/winavr/bin/../lib/gcc/avr/4.3.3/avr5\libgcc.a(_ge_sf.o)
 .debug_loc     0x0000059a       0x3c d:/embedded systems diploma/imt es diploma/00-tools/03-imt sdk/03- imt sdk/imt_sdk_win_64/imt_sdk_win_64/winavr/bin/../lib/gcc/avr/4.3.3/avr5\libgcc.a(_lt_sf.o)
 .debug_loc     0x000005d6       0x7e d:/embedded systems diploma/imt es diploma/00-tools/03-imt sdk/03- imt sdk/imt_sdk_win_64/imt_sdk_win_64/winavr/bin/../lib/gcc/avr/4.3.3/avr5\libgcc.a(_sf_to_si.o)
 .debug_loc     0x00000654      0x13e d:/embedded systems diploma/imt es diploma/00-tools/03-imt sdk/03- imt sdk/imt_sdk_win_64/imt_sdk_win_64/winavr/bin/../lib/gcc/avr/4.3.3/avr5\libgcc.a(_pack_sf.o)
 .debug_loc     0x00000792       0xac d:/embedded systems diploma/imt es diploma/00-tools/03-imt sdk/03- imt sdk/imt_sdk_win_64/imt_sdk_win_64/winavr/bin/../lib/gcc/avr/4.3.3/avr5\libgcc.a(_unpack_sf.o)
 .debug_loc     0x0000083e       0x50 d:/embedded systems diploma/imt es diploma/00-tools/03-imt sdk/03- imt sdk/imt_sdk_win_64/imt_sdk_win_64/winavr/bin/../lib/gcc/avr/4.3.3/avr5\libgcc.a(_fpcmp_parts_sf.o)

.debug_macinfo
 *(.debug_macinfo)
OUTPUT(Stop_Watch.elf elf32-avr)
LOAD linker stubs

.debug_ranges   0x00000000       0x50
 .debug_ranges  0x00000000       0x50 d:/embedded systems diploma/imt es diploma/00-tools/03-imt sdk/03- imt sdk/imt_sdk_win_64/imt_sdk_win_64/winavr/bin/../lib/gcc/avr/4.3.3/avr5\libgcc.a(_mul_sf.o)
